// Jest Snapshot v1, https://goo.gl/fbAQLP

exports[`IdentityContainer should render 1`] = `<withRouter(Connect(ReduxForm)) />`;
