// Jest Snapshot v1, https://goo.gl/fbAQLP

exports[`PageFooter should render the page footer 1`] = `<Component />`;
