// Jest Snapshot v1, https://goo.gl/fbAQLP

exports[`ButtonDropdown should render 1`] = `
<renderButtonDropdown
  meta={
    Array [
      "touched",
      "error",
    ]
  }
/>
`;
