// Jest Snapshot v1, https://goo.gl/fbAQLP

exports[`renderInputAddon should render 1`] = `
<renderInputAddon
  meta={
    Array [
      "touched",
      "error",
    ]
  }
/>
`;
