// Jest Snapshot v1, https://goo.gl/fbAQLP

exports[`InputForm should render 1`] = `<span />`;
