// Jest Snapshot v1, https://goo.gl/fbAQLP

exports[`CustomerProfile should render 1`] = `<withRouter(RouterButton) />`;
