// Jest Snapshot v1, https://goo.gl/fbAQLP

exports[`RenderLabel should render 1`] = `<span />`;
